2026-04-20 22:59:34,694 INFO o.a.j.u.JMeterUtils: Setting Locale to en_EN
2026-04-20 22:59:34,717 INFO o.a.j.JMeter: Loading user properties from: D:\Code\md_phms\tools\apache-jmeter-5.6.3\bin\user.properties
2026-04-20 22:59:34,717 INFO o.a.j.JMeter: Loading system properties from: D:\Code\md_phms\tools\apache-jmeter-5.6.3\bin\system.properties
2026-04-20 22:59:34,718 INFO o.a.j.JMeter: Setting JMeter property: threads=50
2026-04-20 22:59:34,718 INFO o.a.j.JMeter: Setting JMeter property: loops=20
2026-04-20 22:59:34,718 INFO o.a.j.JMeter: Setting JMeter property: rampup=5
2026-04-20 22:59:34,718 INFO o.a.j.JMeter: Setting JMeter property: host=localhost
2026-04-20 22:59:34,718 INFO o.a.j.JMeter: Setting JMeter property: port=8080
2026-04-20 22:59:34,726 INFO o.a.j.JMeter: Copyright (c) 1998-2024 The Apache Software Foundation
2026-04-20 22:59:34,726 INFO o.a.j.JMeter: Version 5.6.3
2026-04-20 22:59:34,726 INFO o.a.j.JMeter: java.version=17.0.14
2026-04-20 22:59:34,726 INFO o.a.j.JMeter: java.vm.name=Java HotSpot(TM) 64-Bit Server VM
2026-04-20 22:59:34,726 INFO o.a.j.JMeter: os.name=Windows 11
2026-04-20 22:59:34,726 INFO o.a.j.JMeter: os.arch=amd64
2026-04-20 22:59:34,726 INFO o.a.j.JMeter: os.version=10.0
2026-04-20 22:59:34,726 INFO o.a.j.JMeter: file.encoding=GBK
2026-04-20 22:59:34,726 INFO o.a.j.JMeter: java.awt.headless=true
2026-04-20 22:59:34,726 INFO o.a.j.JMeter: Max memory     =1073741824
2026-04-20 22:59:34,726 INFO o.a.j.JMeter: Available Processors =16
2026-04-20 22:59:34,739 INFO o.a.j.JMeter: Default Locale=English (EN)
2026-04-20 22:59:34,739 INFO o.a.j.JMeter: JMeter  Locale=English (EN)
2026-04-20 22:59:34,740 INFO o.a.j.JMeter: JMeterHome=D:\Code\md_phms\tools\apache-jmeter-5.6.3
2026-04-20 22:59:34,740 INFO o.a.j.JMeter: user.dir  =D:\Code\md_phms
2026-04-20 22:59:34,740 INFO o.a.j.JMeter: PWD       =D:\Code\md_phms
2026-04-20 22:59:34,745 INFO o.a.j.JMeter: IP: 10.69.166.132 Name: Hylee FullName: 10.69.166.132
2026-04-20 22:59:34,765 INFO o.a.j.s.FileServer: Default base='D:\Code\md_phms'
2026-04-20 22:59:34,768 INFO o.a.j.s.FileServer: Set new base='D:\Code\md_phms\scripts'
2026-04-20 22:59:35,012 INFO o.a.j.s.SaveService: Testplan (JMX) version: 2.2. Testlog (JTL) version: 2.2
2026-04-20 22:59:35,042 INFO o.a.j.s.SaveService: Using SaveService properties version 5.0
2026-04-20 22:59:35,048 INFO o.a.j.s.SaveService: Using SaveService properties file encoding UTF-8
2026-04-20 22:59:35,054 INFO o.a.j.s.SaveService: Loading file: scripts\watch_stream_benchmark.jmx
2026-04-20 22:59:35,129 INFO o.a.j.p.h.s.HTTPSamplerBase: Parser for text/html is org.apache.jmeter.protocol.http.parser.LagartoBasedHtmlParser
2026-04-20 22:59:35,129 INFO o.a.j.p.h.s.HTTPSamplerBase: Parser for application/xhtml+xml is org.apache.jmeter.protocol.http.parser.LagartoBasedHtmlParser
2026-04-20 22:59:35,129 INFO o.a.j.p.h.s.HTTPSamplerBase: Parser for application/xml is org.apache.jmeter.protocol.http.parser.LagartoBasedHtmlParser
2026-04-20 22:59:35,129 INFO o.a.j.p.h.s.HTTPSamplerBase: Parser for text/xml is org.apache.jmeter.protocol.http.parser.LagartoBasedHtmlParser
2026-04-20 22:59:35,129 INFO o.a.j.p.h.s.HTTPSamplerBase: Parser for text/vnd.wap.wml is org.apache.jmeter.protocol.http.parser.RegexpHTMLParser
2026-04-20 22:59:35,129 INFO o.a.j.p.h.s.HTTPSamplerBase: Parser for text/css is org.apache.jmeter.protocol.http.parser.CssParser
2026-04-20 22:59:35,147 INFO o.a.j.JMeter: Creating summariser <summary>
2026-04-20 22:59:35,170 INFO o.a.j.e.StandardJMeterEngine: Running the test!
2026-04-20 22:59:35,171 INFO o.a.j.s.SampleEvent: List of sample_variables: []
2026-04-20 22:59:35,171 INFO o.a.j.s.SampleEvent: List of sample_variables: []
2026-04-20 22:59:35,177 INFO o.a.j.e.u.CompoundVariable: Note: Function class names must contain the string: '.functions.'
2026-04-20 22:59:35,177 INFO o.a.j.e.u.CompoundVariable: Note: Function class names must not contain the string: '.gui.'
2026-04-20 22:59:35,290 INFO o.a.j.JMeter: Running test (1776697175290)
2026-04-20 22:59:35,307 INFO o.a.j.e.StandardJMeterEngine: Starting ThreadGroup: 1 : Watch Stream Load
2026-04-20 22:59:35,307 INFO o.a.j.e.StandardJMeterEngine: Starting 50 threads for group Watch Stream Load.
2026-04-20 22:59:35,308 INFO o.a.j.e.StandardJMeterEngine: Thread will continue on error
2026-04-20 22:59:35,308 INFO o.a.j.t.ThreadGroup: Starting thread group... number=1 threads=50 ramp-up=5 delayedStart=false
2026-04-20 22:59:35,316 INFO o.a.j.t.JMeterThread: Thread started: Watch Stream Load 1-1
2026-04-20 22:59:35,346 INFO o.a.j.t.ThreadGroup: Started thread group number 1
2026-04-20 22:59:35,346 INFO o.a.j.e.StandardJMeterEngine: All thread groups have been started
2026-04-20 22:59:35,349 INFO o.a.j.p.h.s.HTTPHCAbstractImpl: Local host = Hylee
2026-04-20 22:59:35,361 INFO o.a.j.p.h.s.HTTPHC4Impl: HTTP request retry count = 0
2026-04-20 22:59:35,363 INFO o.a.j.s.SampleResult: Note: Sample TimeStamps are START times
2026-04-20 22:59:35,364 INFO o.a.j.s.SampleResult: sampleresult.default.encoding is set to UTF-8
2026-04-20 22:59:35,364 INFO o.a.j.s.SampleResult: sampleresult.useNanoTime=true
2026-04-20 22:59:35,364 INFO o.a.j.s.SampleResult: sampleresult.nanoThreadSleep=5000
2026-04-20 22:59:35,413 INFO o.a.j.t.JMeterThread: Thread started: Watch Stream Load 1-2
2026-04-20 22:59:35,511 INFO o.a.j.t.JMeterThread: Thread started: Watch Stream Load 1-3
2026-04-20 22:59:35,612 INFO o.a.j.t.JMeterThread: Thread started: Watch Stream Load 1-4
2026-04-20 22:59:35,711 INFO o.a.j.t.JMeterThread: Thread started: Watch Stream Load 1-5
2026-04-20 22:59:35,810 INFO o.a.j.t.JMeterThread: Thread started: Watch Stream Load 1-6
2026-04-20 22:59:35,910 INFO o.a.j.t.JMeterThread: Thread started: Watch Stream Load 1-7
2026-04-20 22:59:36,011 INFO o.a.j.t.JMeterThread: Thread started: Watch Stream Load 1-8
2026-04-20 22:59:36,109 INFO o.a.j.t.JMeterThread: Thread started: Watch Stream Load 1-9
2026-04-20 22:59:36,210 INFO o.a.j.t.JMeterThread: Thread started: Watch Stream Load 1-10
2026-04-20 22:59:36,310 INFO o.a.j.t.JMeterThread: Thread started: Watch Stream Load 1-11
2026-04-20 22:59:36,410 INFO o.a.j.t.JMeterThread: Thread started: Watch Stream Load 1-12
2026-04-20 22:59:36,509 INFO o.a.j.t.JMeterThread: Thread started: Watch Stream Load 1-13
2026-04-20 22:59:36,611 INFO o.a.j.t.JMeterThread: Thread started: Watch Stream Load 1-14
2026-04-20 22:59:36,709 INFO o.a.j.t.JMeterThread: Thread started: Watch Stream Load 1-15
2026-04-20 22:59:36,810 INFO o.a.j.t.JMeterThread: Thread started: Watch Stream Load 1-16
2026-04-20 22:59:36,909 INFO o.a.j.t.JMeterThread: Thread started: Watch Stream Load 1-17
2026-04-20 22:59:37,009 INFO o.a.j.t.JMeterThread: Thread started: Watch Stream Load 1-18
2026-04-20 22:59:37,110 INFO o.a.j.t.JMeterThread: Thread started: Watch Stream Load 1-19
2026-04-20 22:59:37,209 INFO o.a.j.t.JMeterThread: Thread started: Watch Stream Load 1-20
2026-04-20 22:59:37,310 INFO o.a.j.t.JMeterThread: Thread started: Watch Stream Load 1-21
2026-04-20 22:59:37,410 INFO o.a.j.t.JMeterThread: Thread started: Watch Stream Load 1-22
2026-04-20 22:59:37,510 INFO o.a.j.t.JMeterThread: Thread started: Watch Stream Load 1-23
2026-04-20 22:59:37,609 INFO o.a.j.t.JMeterThread: Thread started: Watch Stream Load 1-24
2026-04-20 22:59:37,709 INFO o.a.j.t.JMeterThread: Thread started: Watch Stream Load 1-25
2026-04-20 22:59:37,810 INFO o.a.j.t.JMeterThread: Thread started: Watch Stream Load 1-26
2026-04-20 22:59:37,909 INFO o.a.j.t.JMeterThread: Thread started: Watch Stream Load 1-27
2026-04-20 22:59:38,009 INFO o.a.j.t.JMeterThread: Thread started: Watch Stream Load 1-28
2026-04-20 22:59:38,109 INFO o.a.j.t.JMeterThread: Thread started: Watch Stream Load 1-29
2026-04-20 22:59:38,209 INFO o.a.j.t.JMeterThread: Thread started: Watch Stream Load 1-30
2026-04-20 22:59:38,310 INFO o.a.j.t.JMeterThread: Thread started: Watch Stream Load 1-31
2026-04-20 22:59:38,410 INFO o.a.j.t.JMeterThread: Thread started: Watch Stream Load 1-32
2026-04-20 22:59:38,510 INFO o.a.j.t.JMeterThread: Thread started: Watch Stream Load 1-33
2026-04-20 22:59:38,609 INFO o.a.j.t.JMeterThread: Thread started: Watch Stream Load 1-34
2026-04-20 22:59:38,710 INFO o.a.j.t.JMeterThread: Thread started: Watch Stream Load 1-35
2026-04-20 22:59:38,810 INFO o.a.j.t.JMeterThread: Thread started: Watch Stream Load 1-36
2026-04-20 22:59:38,909 INFO o.a.j.t.JMeterThread: Thread started: Watch Stream Load 1-37
2026-04-20 22:59:39,009 INFO o.a.j.t.JMeterThread: Thread started: Watch Stream Load 1-38
2026-04-20 22:59:39,108 INFO o.a.j.t.JMeterThread: Thread started: Watch Stream Load 1-39
2026-04-20 22:59:39,210 INFO o.a.j.t.JMeterThread: Thread started: Watch Stream Load 1-40
2026-04-20 22:59:39,308 INFO o.a.j.t.JMeterThread: Thread started: Watch Stream Load 1-41
2026-04-20 22:59:39,410 INFO o.a.j.t.JMeterThread: Thread started: Watch Stream Load 1-42
2026-04-20 22:59:39,509 INFO o.a.j.t.JMeterThread: Thread started: Watch Stream Load 1-43
2026-04-20 22:59:39,609 INFO o.a.j.t.JMeterThread: Thread started: Watch Stream Load 1-44
2026-04-20 22:59:39,709 INFO o.a.j.t.JMeterThread: Thread started: Watch Stream Load 1-45
2026-04-20 22:59:39,809 INFO o.a.j.t.JMeterThread: Thread started: Watch Stream Load 1-46
2026-04-20 22:59:39,910 INFO o.a.j.t.JMeterThread: Thread started: Watch Stream Load 1-47
2026-04-20 22:59:40,009 INFO o.a.j.t.JMeterThread: Thread started: Watch Stream Load 1-48
2026-04-20 22:59:40,111 INFO o.a.j.t.JMeterThread: Thread started: Watch Stream Load 1-49
2026-04-20 22:59:40,208 INFO o.a.j.t.JMeterThread: Thread started: Watch Stream Load 1-50
2026-04-20 22:59:41,715 INFO o.a.j.t.JMeterThread: Thread is done: Watch Stream Load 1-2
2026-04-20 22:59:41,715 INFO o.a.j.t.JMeterThread: Thread finished: Watch Stream Load 1-2
2026-04-20 22:59:41,725 INFO o.a.j.t.JMeterThread: Thread is done: Watch Stream Load 1-1
2026-04-20 22:59:41,726 INFO o.a.j.t.JMeterThread: Thread finished: Watch Stream Load 1-1
2026-04-20 22:59:41,757 INFO o.a.j.t.JMeterThread: Thread is done: Watch Stream Load 1-6
2026-04-20 22:59:41,757 INFO o.a.j.t.JMeterThread: Thread finished: Watch Stream Load 1-6
2026-04-20 22:59:41,764 INFO o.a.j.t.JMeterThread: Thread is done: Watch Stream Load 1-4
2026-04-20 22:59:41,764 INFO o.a.j.t.JMeterThread: Thread finished: Watch Stream Load 1-4
2026-04-20 22:59:41,769 INFO o.a.j.t.JMeterThread: Thread is done: Watch Stream Load 1-9
2026-04-20 22:59:41,769 INFO o.a.j.t.JMeterThread: Thread finished: Watch Stream Load 1-9
2026-04-20 22:59:41,779 INFO o.a.j.t.JMeterThread: Thread is done: Watch Stream Load 1-7
2026-04-20 22:59:41,779 INFO o.a.j.t.JMeterThread: Thread finished: Watch Stream Load 1-7
2026-04-20 22:59:41,782 INFO o.a.j.t.JMeterThread: Thread is done: Watch Stream Load 1-13
2026-04-20 22:59:41,783 INFO o.a.j.t.JMeterThread: Thread finished: Watch Stream Load 1-13
2026-04-20 22:59:41,793 INFO o.a.j.t.JMeterThread: Thread is done: Watch Stream Load 1-10
2026-04-20 22:59:41,793 INFO o.a.j.t.JMeterThread: Thread finished: Watch Stream Load 1-10
2026-04-20 22:59:41,796 INFO o.a.j.t.JMeterThread: Thread is done: Watch Stream Load 1-15
2026-04-20 22:59:41,796 INFO o.a.j.t.JMeterThread: Thread finished: Watch Stream Load 1-15
2026-04-20 22:59:41,799 INFO o.a.j.t.JMeterThread: Thread is done: Watch Stream Load 1-14
2026-04-20 22:59:41,799 INFO o.a.j.t.JMeterThread: Thread finished: Watch Stream Load 1-14
2026-04-20 22:59:41,806 INFO o.a.j.t.JMeterThread: Thread is done: Watch Stream Load 1-8
2026-04-20 22:59:41,806 INFO o.a.j.t.JMeterThread: Thread finished: Watch Stream Load 1-8
2026-04-20 22:59:41,810 INFO o.a.j.t.JMeterThread: Thread is done: Watch Stream Load 1-5
2026-04-20 22:59:41,810 INFO o.a.j.t.JMeterThread: Thread finished: Watch Stream Load 1-5
2026-04-20 22:59:41,817 INFO o.a.j.t.JMeterThread: Thread is done: Watch Stream Load 1-3
2026-04-20 22:59:41,817 INFO o.a.j.t.JMeterThread: Thread finished: Watch Stream Load 1-3
2026-04-20 22:59:41,838 INFO o.a.j.t.JMeterThread: Thread is done: Watch Stream Load 1-11
2026-04-20 22:59:41,838 INFO o.a.j.t.JMeterThread: Thread finished: Watch Stream Load 1-11
2026-04-20 22:59:41,846 INFO o.a.j.t.JMeterThread: Thread is done: Watch Stream Load 1-20
2026-04-20 22:59:41,846 INFO o.a.j.t.JMeterThread: Thread finished: Watch Stream Load 1-20
2026-04-20 22:59:41,848 INFO o.a.j.t.JMeterThread: Thread is done: Watch Stream Load 1-22
2026-04-20 22:59:41,848 INFO o.a.j.t.JMeterThread: Thread finished: Watch Stream Load 1-22
2026-04-20 22:59:41,852 INFO o.a.j.t.JMeterThread: Thread is done: Watch Stream Load 1-12
2026-04-20 22:59:41,852 INFO o.a.j.t.JMeterThread: Thread finished: Watch Stream Load 1-12
2026-04-20 22:59:41,856 INFO o.a.j.t.JMeterThread: Thread is done: Watch Stream Load 1-19
2026-04-20 22:59:41,856 INFO o.a.j.t.JMeterThread: Thread finished: Watch Stream Load 1-19
2026-04-20 22:59:41,859 INFO o.a.j.t.JMeterThread: Thread is done: Watch Stream Load 1-18
2026-04-20 22:59:41,860 INFO o.a.j.t.JMeterThread: Thread finished: Watch Stream Load 1-18
2026-04-20 22:59:41,864 INFO o.a.j.t.JMeterThread: Thread is done: Watch Stream Load 1-21
2026-04-20 22:59:41,864 INFO o.a.j.t.JMeterThread: Thread finished: Watch Stream Load 1-21
2026-04-20 22:59:41,870 INFO o.a.j.t.JMeterThread: Thread is done: Watch Stream Load 1-17
2026-04-20 22:59:41,871 INFO o.a.j.t.JMeterThread: Thread finished: Watch Stream Load 1-17
2026-04-20 22:59:41,876 INFO o.a.j.t.JMeterThread: Thread is done: Watch Stream Load 1-16
2026-04-20 22:59:41,876 INFO o.a.j.t.JMeterThread: Thread finished: Watch Stream Load 1-16
2026-04-20 22:59:41,877 INFO o.a.j.t.JMeterThread: Thread is done: Watch Stream Load 1-27
2026-04-20 22:59:41,878 INFO o.a.j.t.JMeterThread: Thread finished: Watch Stream Load 1-27
2026-04-20 22:59:41,879 INFO o.a.j.t.JMeterThread: Thread is done: Watch Stream Load 1-28
2026-04-20 22:59:41,879 INFO o.a.j.t.JMeterThread: Thread finished: Watch Stream Load 1-28
2026-04-20 22:59:41,883 INFO o.a.j.t.JMeterThread: Thread is done: Watch Stream Load 1-25
2026-04-20 22:59:41,883 INFO o.a.j.t.JMeterThread: Thread finished: Watch Stream Load 1-25
2026-04-20 22:59:41,884 INFO o.a.j.t.JMeterThread: Thread is done: Watch Stream Load 1-29
2026-04-20 22:59:41,884 INFO o.a.j.t.JMeterThread: Thread finished: Watch Stream Load 1-29
2026-04-20 22:59:41,893 INFO o.a.j.t.JMeterThread: Thread is done: Watch Stream Load 1-30
2026-04-20 22:59:41,893 INFO o.a.j.t.JMeterThread: Thread finished: Watch Stream Load 1-30
2026-04-20 22:59:41,903 INFO o.a.j.t.JMeterThread: Thread is done: Watch Stream Load 1-24
2026-04-20 22:59:41,903 INFO o.a.j.t.JMeterThread: Thread finished: Watch Stream Load 1-24
2026-04-20 22:59:41,910 INFO o.a.j.t.JMeterThread: Thread is done: Watch Stream Load 1-23
2026-04-20 22:59:41,910 INFO o.a.j.t.JMeterThread: Thread finished: Watch Stream Load 1-23
2026-04-20 22:59:41,919 INFO o.a.j.t.JMeterThread: Thread is done: Watch Stream Load 1-26
2026-04-20 22:59:41,919 INFO o.a.j.t.JMeterThread: Thread finished: Watch Stream Load 1-26
2026-04-20 22:59:41,931 INFO o.a.j.t.JMeterThread: Thread is done: Watch Stream Load 1-31
2026-04-20 22:59:41,931 INFO o.a.j.t.JMeterThread: Thread finished: Watch Stream Load 1-31
2026-04-20 22:59:42,000 INFO o.a.j.t.JMeterThread: Thread is done: Watch Stream Load 1-32
2026-04-20 22:59:42,000 INFO o.a.j.t.JMeterThread: Thread finished: Watch Stream Load 1-32
2026-04-20 22:59:42,042 INFO o.a.j.t.JMeterThread: Thread is done: Watch Stream Load 1-33
2026-04-20 22:59:42,042 INFO o.a.j.t.JMeterThread: Thread finished: Watch Stream Load 1-33
2026-04-20 22:59:42,093 INFO o.a.j.t.JMeterThread: Thread is done: Watch Stream Load 1-34
2026-04-20 22:59:42,093 INFO o.a.j.t.JMeterThread: Thread finished: Watch Stream Load 1-34
2026-04-20 22:59:42,145 INFO o.a.j.t.JMeterThread: Thread is done: Watch Stream Load 1-35
2026-04-20 22:59:42,145 INFO o.a.j.t.JMeterThread: Thread finished: Watch Stream Load 1-35
2026-04-20 22:59:42,174 INFO o.a.j.t.JMeterThread: Thread is done: Watch Stream Load 1-36
2026-04-20 22:59:42,174 INFO o.a.j.t.JMeterThread: Thread finished: Watch Stream Load 1-36
2026-04-20 22:59:42,205 INFO o.a.j.t.JMeterThread: Thread is done: Watch Stream Load 1-37
2026-04-20 22:59:42,205 INFO o.a.j.t.JMeterThread: Thread finished: Watch Stream Load 1-37
2026-04-20 22:59:42,245 INFO o.a.j.t.JMeterThread: Thread is done: Watch Stream Load 1-38
2026-04-20 22:59:42,245 INFO o.a.j.t.JMeterThread: Thread finished: Watch Stream Load 1-38
2026-04-20 22:59:42,295 INFO o.a.j.t.JMeterThread: Thread is done: Watch Stream Load 1-39
2026-04-20 22:59:42,295 INFO o.a.j.t.JMeterThread: Thread finished: Watch Stream Load 1-39
2026-04-20 22:59:42,312 INFO o.a.j.t.JMeterThread: Thread is done: Watch Stream Load 1-40
2026-04-20 22:59:42,312 INFO o.a.j.t.JMeterThread: Thread finished: Watch Stream Load 1-40
2026-04-20 22:59:42,341 INFO o.a.j.t.JMeterThread: Thread is done: Watch Stream Load 1-41
2026-04-20 22:59:42,341 INFO o.a.j.t.JMeterThread: Thread finished: Watch Stream Load 1-41
2026-04-20 22:59:42,370 INFO o.a.j.t.JMeterThread: Thread is done: Watch Stream Load 1-42
2026-04-20 22:59:42,371 INFO o.a.j.t.JMeterThread: Thread finished: Watch Stream Load 1-42
2026-04-20 22:59:42,386 INFO o.a.j.t.JMeterThread: Thread is done: Watch Stream Load 1-43
2026-04-20 22:59:42,386 INFO o.a.j.t.JMeterThread: Thread finished: Watch Stream Load 1-43
2026-04-20 22:59:42,407 INFO o.a.j.t.JMeterThread: Thread is done: Watch Stream Load 1-44
2026-04-20 22:59:42,407 INFO o.a.j.t.JMeterThread: Thread finished: Watch Stream Load 1-44
2026-04-20 22:59:42,440 INFO o.a.j.t.JMeterThread: Thread is done: Watch Stream Load 1-45
2026-04-20 22:59:42,440 INFO o.a.j.t.JMeterThread: Thread finished: Watch Stream Load 1-45
2026-04-20 22:59:42,452 INFO o.a.j.t.JMeterThread: Thread is done: Watch Stream Load 1-46
2026-04-20 22:59:42,452 INFO o.a.j.t.JMeterThread: Thread finished: Watch Stream Load 1-46
2026-04-20 22:59:42,454 INFO o.a.j.t.JMeterThread: Thread is done: Watch Stream Load 1-47
2026-04-20 22:59:42,455 INFO o.a.j.t.JMeterThread: Thread finished: Watch Stream Load 1-47
2026-04-20 22:59:42,470 INFO o.a.j.t.JMeterThread: Thread is done: Watch Stream Load 1-48
2026-04-20 22:59:42,470 INFO o.a.j.t.JMeterThread: Thread finished: Watch Stream Load 1-48
2026-04-20 22:59:42,485 INFO o.a.j.t.JMeterThread: Thread is done: Watch Stream Load 1-49
2026-04-20 22:59:42,485 INFO o.a.j.t.JMeterThread: Thread finished: Watch Stream Load 1-49
2026-04-20 22:59:42,485 INFO o.a.j.t.JMeterThread: Thread is done: Watch Stream Load 1-50
2026-04-20 22:59:42,485 INFO o.a.j.t.JMeterThread: Thread finished: Watch Stream Load 1-50
2026-04-20 22:59:42,486 INFO o.a.j.e.StandardJMeterEngine: Notifying test listeners of end of test
2026-04-20 22:59:42,487 INFO o.a.j.r.Summariser: summary =   1000 in 00:00:07 =  138.9/s Avg:   212 Min:    20 Max:  2737 Err:     0 (0.00%)
